lib/NSPM_ConfigManager/NSPM_ConfigManager.cpp	default-loop	esp_event_post(NSPM_CONFIGMANAGER_EVENT, nspm_configmanager_event::CONFIG_LOADED, NULL, 0, pdMS_TO_TICKS(250))
lib/NSPM_ConfigManager/NSPM_ConfigManager.cpp	default-loop	esp_event_post(NSPM_CONFIGMANAGER_EVENT, nspm_configmanager_event::CONFIG_LOADED, NULL, 0, pdMS_TO_TICKS(250))
lib/NSPM_ConfigManager/NSPM_ConfigManager.cpp	default-loop	esp_event_post(NSPM_CONFIGMANAGER_EVENT, nspm_configmanager_event::MANAGER_STATE_CHANGE, NULL, 0, pdMS_TO_TICKS(250))
lib/NSPM_ConfigManager/NSPM_ConfigManager.cpp	default-loop	esp_event_post(NSPM_CONFIGMANAGER_EVENT, nspm_configmanager_event::MANAGER_STATE_CHANGE, NULL, 0, pdMS_TO_TICKS(250))
lib/NSPM_ConfigManager/NSPM_ConfigManager.cpp	default-loop	esp_event_post(NSPM_CONFIGMANAGER_EVENT, nspm_configmanager_event::MANAGER_STATE_CHANGE, NULL, 0, pdMS_TO_TICKS(250))
lib/Nextion/Nextion.cpp	dedicated-loop	esp_event_post_to(Nextion::_handle_uart_data_event_loop, NEXTION_EVENT, nextion_event_t::RECEIVED_DATA, &uart_buffer, sizeof(uart_buffer), pdMS_TO_TICKS(16))
lib/Nextion/Nextion.cpp	dedicated-loop	esp_event_post_to(Nextion::_handle_uart_data_event_loop, NEXTION_EVENT, nextion_event_t::RECEIVED_DATA, &uart_buffer, sizeof(uart_buffer), pdMS_TO_TICKS(16))
lib/Nextion/Nextion.cpp	default-loop	esp_event_post(NEXTION_EVENT, nextion_event_t::CONNECTED, NULL, 0, pdMS_TO_TICKS(16))
lib/Nextion/Nextion.cpp	default-loop	esp_event_post(NEXTION_EVENT, nextion_event_t::RECEIVED_NSPM_FLAG, NULL, 0, pdMS_TO_TICKS(16))
lib/Nextion/Nextion.cpp	default-loop	esp_event_post(NEXTION_EVENT, nextion_event_t::SLEEP_EVENT, NULL, 0, pdMS_TO_TICKS(5000))
lib/Nextion/Nextion.cpp	default-loop	esp_event_post(NEXTION_EVENT, nextion_event_t::STRING_EVENT, data->data(), data->size(), pdMS_TO_TICKS(16))
lib/Nextion/Nextion.cpp	default-loop	esp_event_post(NEXTION_EVENT, nextion_event_t::TOUCH_EVENT, &touch_event, sizeof(touch_event), pdMS_TO_TICKS(16))
lib/Nextion/Nextion.cpp	default-loop	esp_event_post(NEXTION_EVENT, nextion_event_t::UPDATE_JUMP_TO_OFFSET, &byte_offset, sizeof(byte_offset), pdMS_TO_TICKS(1000))
lib/Nextion/Nextion.cpp	default-loop	esp_event_post(NEXTION_EVENT, nextion_event_t::UPDATE_READY_FOR_NEXT_CHUNK, NULL, 0, pdMS_TO_TICKS(1000))
lib/Nextion/Nextion.cpp	default-loop	esp_event_post(NEXTION_EVENT, nextion_event_t::WAKE_EVENT, NULL, 0, pdMS_TO_TICKS(5000))
lib/RoomManager/RoomManager.cpp	dedicated-loop	esp_event_post_to(RoomManager::_local_event_loop, ROOMMANAGER_EVENT, roommanager_event_t::HOME_PAGE_ALL_ROOMS_UPDATED, NULL, 0, pdMS_TO_TICKS(250))
lib/RoomManager/RoomManager.cpp	dedicated-loop	esp_event_post_to(RoomManager::_local_event_loop, ROOMMANAGER_EVENT, roommanager_event_t::HOME_PAGE_UPDATED, NULL, 0, pdMS_TO_TICKS(250))
lib/RoomManager/RoomManager.cpp	dedicated-loop	esp_event_post_to(RoomManager::_local_event_loop, ROOMMANAGER_EVENT, roommanager_event_t::ROOM_ENTITIES_PAGE_UPDATED, NULL, 0, pdMS_TO_TICKS(250))
lib/RoomManager/RoomManager.cpp	dedicated-loop	esp_event_post_to(RoomManager::_local_event_loop, ROOMMANAGER_EVENT, roommanager_event_t::ROOM_ENTITIES_PAGE_UPDATED, NULL, 0, pdMS_TO_TICKS(250))
lib/RoomManager/RoomManager.cpp	default-loop	esp_event_post(ROOMMANAGER_EVENT, roommanager_event_t::HOME_PAGE_UPDATED, NULL, 0, pdMS_TO_TICKS(250))
lib/RoomManager/RoomManager.cpp	default-loop	esp_event_post(ROOMMANAGER_EVENT, roommanager_event_t::HOME_PAGE_UPDATED, NULL, 0, pdMS_TO_TICKS(250))
lib/StatusUpdateManager/StatusUpdateManager.cpp	default-loop	esp_event_post(STATUSUPDATEMANAGER_EVENT, statusupdatemanagerevent_t::AVERAGE_HUMIDITY_UPDATE, &current_average_humidity, sizeof(current_average_humidity), pdMS_TO_TICKS(250))
lib/StatusUpdateManager/StatusUpdateManager.cpp	default-loop	esp_event_post(STATUSUPDATEMANAGER_EVENT, statusupdatemanagerevent_t::AVERAGE_PRESSURE_UPDATE, &current_average_pressure, sizeof(current_average_pressure), pdMS_TO_TICKS(250))
lib/StatusUpdateManager/StatusUpdateManager.cpp	default-loop	esp_event_post(STATUSUPDATEMANAGER_EVENT, statusupdatemanagerevent_t::AVERAGE_TEMP_UPDATE, &current_average_temperature, sizeof(current_average_temperature), pdMS_TO_TICKS(250))
lib/StatusUpdateManager/StatusUpdateManager.cpp	default-loop	esp_event_post(STATUSUPDATEMANAGER_EVENT, statusupdatemanagerevent_t::AVERAGE_TEMP_UPDATE, &current_average_temperature, sizeof(current_average_temperature), pdMS_TO_TICKS(250))
lib/UpdateManager/UpdateManager.cpp	default-loop	esp_event_post(UPDATEMANAGER_EVENT, updatemanager_event_t::FIRMWARE_UPDATE_FAILED, NULL, 0, pdMS_TO_TICKS(500))
lib/UpdateManager/UpdateManager.cpp	default-loop	esp_event_post(UPDATEMANAGER_EVENT, updatemanager_event_t::FIRMWARE_UPDATE_FAILED, NULL, 0, pdMS_TO_TICKS(500))
lib/UpdateManager/UpdateManager.cpp	default-loop	esp_event_post(UPDATEMANAGER_EVENT, updatemanager_event_t::FIRMWARE_UPDATE_FAILED, NULL, 0, pdMS_TO_TICKS(500))
lib/UpdateManager/UpdateManager.cpp	default-loop	esp_event_post(UPDATEMANAGER_EVENT, updatemanager_event_t::FIRMWARE_UPDATE_FAILED, NULL, 0, pdMS_TO_TICKS(500))
lib/UpdateManager/UpdateManager.cpp	default-loop	esp_event_post(UPDATEMANAGER_EVENT, updatemanager_event_t::FIRMWARE_UPDATE_FINISHED, NULL, 0, pdMS_TO_TICKS(500))
lib/UpdateManager/UpdateManager.cpp	default-loop	esp_event_post(UPDATEMANAGER_EVENT, updatemanager_event_t::FIRMWARE_UPDATE_PROGRESS, &progress, sizeof(progress), pdMS_TO_TICKS(50))
lib/UpdateManager/UpdateManager.cpp	default-loop	esp_event_post(UPDATEMANAGER_EVENT, updatemanager_event_t::FIRMWARE_UPDATE_STARTED, NULL, 0, pdMS_TO_TICKS(500))
lib/UpdateManager/UpdateManager.cpp	default-loop	esp_event_post(UPDATEMANAGER_EVENT, updatemanager_event_t::LITTLEFS_UPDATE_FINISHED, NULL, 0, pdMS_TO_TICKS(50))
lib/UpdateManager/UpdateManager.cpp	default-loop	esp_event_post(UPDATEMANAGER_EVENT, updatemanager_event_t::LITTLEFS_UPDATE_PROGRESS, &progress, sizeof(progress), pdMS_TO_TICKS(50))
lib/UpdateManager/UpdateManager.cpp	default-loop	esp_event_post(UPDATEMANAGER_EVENT, updatemanager_event_t::LITTLEFS_UPDATE_STARTED, NULL, 0, pdMS_TO_TICKS(500))
lib/UpdateManager/UpdateManager.cpp	default-loop	esp_event_post(UPDATEMANAGER_EVENT, updatemanager_event_t::NEXTION_UPDATE_FINISHED, NULL, 0, pdMS_TO_TICKS(500))
lib/UpdateManager/UpdateManager.cpp	default-loop	esp_event_post(UPDATEMANAGER_EVENT, updatemanager_event_t::NEXTION_UPDATE_PROGRESS, &progress, sizeof(progress), pdMS_TO_TICKS(250))
lib/UpdateManager/UpdateManager.cpp	default-loop	esp_event_post(UPDATEMANAGER_EVENT, updatemanager_event_t::NEXTION_UPDATE_STARTED, NULL, 0, pdMS_TO_TICKS(500))
